--------------------------------------------------------------------------------------
Timing Analyzer Summary
--------------------------------------------------------------------------------------

Type           : Worst-case tsu
Slack          : N/A
Required Time  : None
Actual Time    : 13.815 ns
From           : div_clk_count[0]
To             : outclk~reg0
From Clock     : --
To Clock       : inclk
Failed Paths   : 0

Type           : Worst-case tco
Slack          : N/A
Required Time  : None
Actual Time    : 8.606 ns
From           : outclk~reg0
To             : outclk
From Clock     : inclk
To Clock       : --
Failed Paths   : 0

Type           : Worst-case th
Slack          : N/A
Required Time  : None
Actual Time    : -3.834 ns
From           : div_clk_count[27]
To             : rst
From Clock     : --
To Clock       : inclk
Failed Paths   : 0

Type           : Clock Setup: 'inclk'
Slack          : N/A
Required Time  : None
Actual Time    : 197.28 MHz ( period = 5.069 ns )
From           : Counter:COUNTER|counter[23]
To             : outclk~reg0
From Clock     : inclk
To Clock       : inclk
Failed Paths   : 0

Type           : Total number of failed paths
Slack          : 
Required Time  : 
Actual Time    : 
From           : 
To             : 
From Clock     : 
To Clock       : 
Failed Paths   : 0

--------------------------------------------------------------------------------------

