Analysis & Synthesis report for note_selector
Sun May 28 22:15:23 2023
Quartus II Version 9.0 Build 235 06/17/2009 Service Pack 2 SJ Web Edition


---------------------
; Table of Contents ;
---------------------
  1. Legal Notice
  2. Analysis & Synthesis Summary
  3. Analysis & Synthesis Settings
  4. Analysis & Synthesis Source Files Read
  5. Analysis & Synthesis Resource Usage Summary
  6. Analysis & Synthesis Resource Utilization by Entity
  7. General Register Statistics
  8. Inverted Register Statistics
  9. Parameter Settings for User Entity Instance: Top-level Entity: |note_selector
 10. Port Connectivity Checks: "Clk_divider:Gen_note"
 11. Analysis & Synthesis Messages
 12. Analysis & Synthesis Suppressed Messages



----------------
; Legal Notice ;
----------------
Copyright (C) 1991-2009 Altera Corporation
Your use of Altera Corporation's design tools, logic functions 
and other software and tools, and its AMPP partner logic 
functions, and any output files from any of the foregoing 
(including device programming or simulation files), and any 
associated documentation or information are expressly subject 
to the terms and conditions of the Altera Program License 
Subscription Agreement, Altera MegaCore Function License 
Agreement, or other applicable license agreement, including, 
without limitation, that your use is for the sole purpose of 
programming logic devices manufactured by Altera and sold by 
Altera or its authorized distributors.  Please refer to the 
applicable agreement for further details.



+-----------------------------------------------------------------------------------+
; Analysis & Synthesis Summary                                                      ;
+------------------------------------+----------------------------------------------+
; Analysis & Synthesis Status        ; Successful - Sun May 28 22:15:23 2023        ;
; Quartus II Version                 ; 9.0 Build 235 06/17/2009 SP 2 SJ Web Edition ;
; Revision Name                      ; note_selector                                ;
; Top-level Entity Name              ; note_selector                                ;
; Family                             ; Cyclone II                                   ;
; Total logic elements               ; 105                                          ;
;     Total combinational functions  ; 105                                          ;
;     Dedicated logic registers      ; 34                                           ;
; Total registers                    ; 34                                           ;
; Total pins                         ; 36                                           ;
; Total virtual pins                 ; 0                                            ;
; Total memory bits                  ; 0                                            ;
; Embedded Multiplier 9-bit elements ; 0                                            ;
; Total PLLs                         ; 0                                            ;
+------------------------------------+----------------------------------------------+


+--------------------------------------------------------------------------------------------------------+
; Analysis & Synthesis Settings                                                                          ;
+--------------------------------------------------------------+--------------------+--------------------+
; Option                                                       ; Setting            ; Default Value      ;
+--------------------------------------------------------------+--------------------+--------------------+
; Top-level entity name                                        ; note_selector      ; note_selector      ;
; Family name                                                  ; Cyclone II         ; Stratix II         ;
; Use Generated Physical Constraints File                      ; Off                ;                    ;
; Use smart compilation                                        ; Off                ; Off                ;
; Restructure Multiplexers                                     ; Auto               ; Auto               ;
; Create Debugging Nodes for IP Cores                          ; Off                ; Off                ;
; Preserve fewer node names                                    ; On                 ; On                 ;
; Disable OpenCore Plus hardware evaluation                    ; Off                ; Off                ;
; Verilog Version                                              ; Verilog_2001       ; Verilog_2001       ;
; VHDL Version                                                 ; VHDL93             ; VHDL93             ;
; State Machine Processing                                     ; Auto               ; Auto               ;
; Safe State Machine                                           ; Off                ; Off                ;
; Extract Verilog State Machines                               ; On                 ; On                 ;
; Extract VHDL State Machines                                  ; On                 ; On                 ;
; Ignore Verilog initial constructs                            ; Off                ; Off                ;
; Iteration limit for constant Verilog loops                   ; 5000               ; 5000               ;
; Iteration limit for non-constant Verilog loops               ; 250                ; 250                ;
; Add Pass-Through Logic to Inferred RAMs                      ; On                 ; On                 ;
; Parallel Synthesis                                           ; Off                ; Off                ;
; DSP Block Balancing                                          ; Auto               ; Auto               ;
; NOT Gate Push-Back                                           ; On                 ; On                 ;
; Power-Up Don't Care                                          ; On                 ; On                 ;
; Remove Redundant Logic Cells                                 ; Off                ; Off                ;
; Remove Duplicate Registers                                   ; On                 ; On                 ;
; Ignore CARRY Buffers                                         ; Off                ; Off                ;
; Ignore CASCADE Buffers                                       ; Off                ; Off                ;
; Ignore GLOBAL Buffers                                        ; Off                ; Off                ;
; Ignore ROW GLOBAL Buffers                                    ; Off                ; Off                ;
; Ignore LCELL Buffers                                         ; Off                ; Off                ;
; Ignore SOFT Buffers                                          ; On                 ; On                 ;
; Limit AHDL Integers to 32 Bits                               ; Off                ; Off                ;
; Optimization Technique                                       ; Balanced           ; Balanced           ;
; Carry Chain Length                                           ; 70                 ; 70                 ;
; Auto Carry Chains                                            ; On                 ; On                 ;
; Auto Open-Drain Pins                                         ; On                 ; On                 ;
; Perform WYSIWYG Primitive Resynthesis                        ; Off                ; Off                ;
; Auto ROM Replacement                                         ; On                 ; On                 ;
; Auto RAM Replacement                                         ; On                 ; On                 ;
; Auto Shift Register Replacement                              ; Auto               ; Auto               ;
; Auto Clock Enable Replacement                                ; On                 ; On                 ;
; Strict RAM Replacement                                       ; Off                ; Off                ;
; Allow Synchronous Control Signals                            ; On                 ; On                 ;
; Force Use of Synchronous Clear Signals                       ; Off                ; Off                ;
; Auto RAM to Logic Cell Conversion                            ; Off                ; Off                ;
; Auto Resource Sharing                                        ; Off                ; Off                ;
; Allow Any RAM Size For Recognition                           ; Off                ; Off                ;
; Allow Any ROM Size For Recognition                           ; Off                ; Off                ;
; Allow Any Shift Register Size For Recognition                ; Off                ; Off                ;
; Use LogicLock Constraints during Resource Balancing          ; On                 ; On                 ;
; Ignore translate_off and synthesis_off directives            ; Off                ; Off                ;
; Timing-Driven Synthesis                                      ; Off                ; Off                ;
; Show Parameter Settings Tables in Synthesis Report           ; On                 ; On                 ;
; Ignore Maximum Fan-Out Assignments                           ; Off                ; Off                ;
; Synchronization Register Chain Length                        ; 2                  ; 2                  ;
; PowerPlay Power Optimization                                 ; Normal compilation ; Normal compilation ;
; HDL message level                                            ; Level2             ; Level2             ;
; Suppress Register Optimization Related Messages              ; Off                ; Off                ;
; Number of Removed Registers Reported in Synthesis Report     ; 100                ; 100                ;
; Number of Inverted Registers Reported in Synthesis Report    ; 100                ; 100                ;
; Clock MUX Protection                                         ; On                 ; On                 ;
; Auto Gated Clock Conversion                                  ; Off                ; Off                ;
; Block Design Naming                                          ; Auto               ; Auto               ;
; SDC constraint protection                                    ; Off                ; Off                ;
; Synthesis Effort                                             ; Auto               ; Auto               ;
; Shift Register Replacement - Allow Asynchronous Clear Signal ; On                 ; On                 ;
; Analysis & Synthesis Message Level                           ; Medium             ; Medium             ;
+--------------------------------------------------------------+--------------------+--------------------+


+----------------------------------------------------------------------------------------------------------------------------------------------------------------------------------------------------------------------+
; Analysis & Synthesis Source Files Read                                                                                                                                                                               ;
+----------------------------------+-----------------+------------------------------+----------------------------------------------------------------------------------------------------------------------------------+
; File Name with User-Entered Path ; Used in Netlist ; File Type                    ; File Name with Absolute Path                                                                                                     ;
+----------------------------------+-----------------+------------------------------+----------------------------------------------------------------------------------------------------------------------------------+
; ../../rtl/Clk_divider.sv         ; yes             ; User SystemVerilog HDL File  ; D:/Study/UBC study materials/UBC Fourth Year - Summer Term/CPEN 311/Labs/Lab 1/xuan_tung_luu_30236798_Lab_1/rtl/Clk_divider.sv   ;
; ../../rtl/note_selector.sv       ; yes             ; User SystemVerilog HDL File  ; D:/Study/UBC study materials/UBC Fourth Year - Summer Term/CPEN 311/Labs/Lab 1/xuan_tung_luu_30236798_Lab_1/rtl/note_selector.sv ;
+----------------------------------+-----------------+------------------------------+----------------------------------------------------------------------------------------------------------------------------------+


+-------------------------------------------------------+
; Analysis & Synthesis Resource Usage Summary           ;
+---------------------------------------------+---------+
; Resource                                    ; Usage   ;
+---------------------------------------------+---------+
; Estimated Total logic elements              ; 105     ;
;                                             ;         ;
; Total combinational functions               ; 105     ;
; Logic element usage by number of LUT inputs ;         ;
;     -- 4 input functions                    ; 29      ;
;     -- 3 input functions                    ; 31      ;
;     -- <=2 input functions                  ; 45      ;
;                                             ;         ;
; Logic elements by mode                      ;         ;
;     -- normal mode                          ; 59      ;
;     -- arithmetic mode                      ; 46      ;
;                                             ;         ;
; Total registers                             ; 34      ;
;     -- Dedicated logic registers            ; 34      ;
;     -- I/O registers                        ; 0       ;
;                                             ;         ;
; I/O pins                                    ; 36      ;
; Maximum fan-out node                        ; CLK_50M ;
; Maximum fan-out                             ; 34      ;
; Total fan-out                               ; 412     ;
; Average fan-out                             ; 2.35    ;
+---------------------------------------------+---------+


+-------------------------------------------------------------------------------------------------------------------------------------------------------------------------------------------------------------+
; Analysis & Synthesis Resource Utilization by Entity                                                                                                                                                         ;
+----------------------------+-------------------+--------------+-------------+--------------+---------+-----------+------+--------------+-----------------------------------------------------+--------------+
; Compilation Hierarchy Node ; LC Combinationals ; LC Registers ; Memory Bits ; DSP Elements ; DSP 9x9 ; DSP 18x18 ; Pins ; Virtual Pins ; Full Hierarchy Name                                 ; Library Name ;
+----------------------------+-------------------+--------------+-------------+--------------+---------+-----------+------+--------------+-----------------------------------------------------+--------------+
; |note_selector             ; 105 (19)          ; 34 (0)       ; 0           ; 0            ; 0       ; 0         ; 36   ; 0            ; |note_selector                                      ; work         ;
;    |Clk_divider:Gen_note|  ; 86 (54)           ; 34 (2)       ; 0           ; 0            ; 0       ; 0         ; 0    ; 0            ; |note_selector|Clk_divider:Gen_note                 ; work         ;
;       |Counter:COUNTER|    ; 32 (32)           ; 32 (32)      ; 0           ; 0            ; 0       ; 0         ; 0    ; 0            ; |note_selector|Clk_divider:Gen_note|Counter:COUNTER ; work         ;
+----------------------------+-------------------+--------------+-------------+--------------+---------+-----------+------+--------------+-----------------------------------------------------+--------------+
Note: For table entries with two numbers listed, the numbers in parentheses indicate the number of resources of the given type used by the specific entity alone. The numbers listed outside of parentheses indicate the total resources of the given type used by the specific entity and all of its sub-entities in the hierarchy.


+------------------------------------------------------+
; General Register Statistics                          ;
+----------------------------------------------+-------+
; Statistic                                    ; Value ;
+----------------------------------------------+-------+
; Total registers                              ; 34    ;
; Number of registers using Synchronous Clear  ; 0     ;
; Number of registers using Synchronous Load   ; 0     ;
; Number of registers using Asynchronous Clear ; 32    ;
; Number of registers using Asynchronous Load  ; 0     ;
; Number of registers using Clock Enable       ; 0     ;
; Number of registers using Preset             ; 0     ;
+----------------------------------------------+-------+


+-----------------------------------------------------------+
; Inverted Register Statistics                              ;
+-------------------------------------------------+---------+
; Inverted Register                               ; Fan out ;
+-------------------------------------------------+---------+
; Clk_divider:Gen_note|Counter:COUNTER|counter[0] ; 3       ;
; Total number of inverted registers = 1          ;         ;
+-------------------------------------------------+---------+


+-------------------------------------------------------------------------------+
; Parameter Settings for User Entity Instance: Top-level Entity: |note_selector ;
+-----------------------+----------+--------------------------------------------+
; Parameter Name        ; Value    ; Type                                       ;
+-----------------------+----------+--------------------------------------------+
; character_0           ; 00110000 ; Unsigned Binary                            ;
; character_1           ; 00110001 ; Unsigned Binary                            ;
; character_2           ; 00110010 ; Unsigned Binary                            ;
; character_3           ; 00110011 ; Unsigned Binary                            ;
; character_4           ; 00110100 ; Unsigned Binary                            ;
; character_5           ; 00110101 ; Unsigned Binary                            ;
; character_6           ; 00110110 ; Unsigned Binary                            ;
; character_7           ; 00110111 ; Unsigned Binary                            ;
; character_8           ; 00111000 ; Unsigned Binary                            ;
; character_9           ; 00111001 ; Unsigned Binary                            ;
; character_A           ; 01000001 ; Unsigned Binary                            ;
; character_B           ; 01000010 ; Unsigned Binary                            ;
; character_C           ; 01000011 ; Unsigned Binary                            ;
; character_D           ; 01000100 ; Unsigned Binary                            ;
; character_E           ; 01000101 ; Unsigned Binary                            ;
; character_F           ; 01000110 ; Unsigned Binary                            ;
; character_G           ; 01000111 ; Unsigned Binary                            ;
; character_H           ; 01001000 ; Unsigned Binary                            ;
; character_I           ; 01001001 ; Unsigned Binary                            ;
; character_J           ; 01001010 ; Unsigned Binary                            ;
; character_K           ; 01001011 ; Unsigned Binary                            ;
; character_L           ; 01001100 ; Unsigned Binary                            ;
; character_M           ; 01001101 ; Unsigned Binary                            ;
; character_N           ; 01001110 ; Unsigned Binary                            ;
; character_O           ; 01001111 ; Unsigned Binary                            ;
; character_P           ; 01010000 ; Unsigned Binary                            ;
; character_Q           ; 01010001 ; Unsigned Binary                            ;
; character_R           ; 01010010 ; Unsigned Binary                            ;
; character_S           ; 01010011 ; Unsigned Binary                            ;
; character_T           ; 01010100 ; Unsigned Binary                            ;
; character_U           ; 01010101 ; Unsigned Binary                            ;
; character_V           ; 01010110 ; Unsigned Binary                            ;
; character_W           ; 01010111 ; Unsigned Binary                            ;
; character_X           ; 01011000 ; Unsigned Binary                            ;
; character_Y           ; 01011001 ; Unsigned Binary                            ;
; character_Z           ; 01011010 ; Unsigned Binary                            ;
; character_lowercase_a ; 01100001 ; Unsigned Binary                            ;
; character_lowercase_b ; 01100010 ; Unsigned Binary                            ;
; character_lowercase_c ; 01100011 ; Unsigned Binary                            ;
; character_lowercase_d ; 01100100 ; Unsigned Binary                            ;
; character_lowercase_e ; 01100101 ; Unsigned Binary                            ;
; character_lowercase_f ; 01100110 ; Unsigned Binary                            ;
; character_lowercase_g ; 01100111 ; Unsigned Binary                            ;
; character_lowercase_h ; 01101000 ; Unsigned Binary                            ;
; character_lowercase_i ; 01101001 ; Unsigned Binary                            ;
; character_lowercase_j ; 01101010 ; Unsigned Binary                            ;
; character_lowercase_k ; 01101011 ; Unsigned Binary                            ;
; character_lowercase_l ; 01101100 ; Unsigned Binary                            ;
; character_lowercase_m ; 01101101 ; Unsigned Binary                            ;
; character_lowercase_n ; 01101110 ; Unsigned Binary                            ;
; character_lowercase_o ; 01101111 ; Unsigned Binary                            ;
; character_lowercase_p ; 01110000 ; Unsigned Binary                            ;
; character_lowercase_q ; 01110001 ; Unsigned Binary                            ;
; character_lowercase_r ; 01110010 ; Unsigned Binary                            ;
; character_lowercase_s ; 01110011 ; Unsigned Binary                            ;
; character_lowercase_t ; 01110100 ; Unsigned Binary                            ;
; character_lowercase_u ; 01110101 ; Unsigned Binary                            ;
; character_lowercase_v ; 01110110 ; Unsigned Binary                            ;
; character_lowercase_w ; 01110111 ; Unsigned Binary                            ;
; character_lowercase_x ; 01111000 ; Unsigned Binary                            ;
; character_lowercase_y ; 01111001 ; Unsigned Binary                            ;
; character_lowercase_z ; 01111010 ; Unsigned Binary                            ;
+-----------------------+----------+--------------------------------------------+
Note: In order to hide this table in the UI and the text report file, please set the "Show Parameter Settings Tables in Synthesis Report" option in "Analysis and Synthesis Settings -> More Settings" to "Off".


+--------------------------------------------------------------------+
; Port Connectivity Checks: "Clk_divider:Gen_note"                   ;
+-----------------------+--------+----------+------------------------+
; Port                  ; Type   ; Severity ; Details                ;
+-----------------------+--------+----------+------------------------+
; outclk_Not            ; Output ; Info     ; Explicitly unconnected ;
; div_clk_count[31..16] ; Input  ; Info     ; Stuck at GND           ;
; div_clk_count[1]      ; Input  ; Info     ; Stuck at GND           ;
; Reset                 ; Input  ; Info     ; Stuck at VCC           ;
+-----------------------+--------+----------+------------------------+


+-------------------------------+
; Analysis & Synthesis Messages ;
+-------------------------------+
Info: *******************************************************************
Info: Running Quartus II Analysis & Synthesis
    Info: Version 9.0 Build 235 06/17/2009 Service Pack 2 SJ Web Edition
    Info: Processing started: Sun May 28 22:15:22 2023
Info: Command: quartus_map --read_settings_files=on --write_settings_files=off note_selector -c note_selector
Info: Found 2 design units, including 2 entities, in source file ../../rtl/Clk_divider.sv
    Info: Found entity 1: Clk_divider
    Info: Found entity 2: Counter
Info: Found 1 design units, including 1 entities, in source file ../../rtl/note_selector.sv
    Info: Found entity 1: note_selector
Info: Elaborating entity "note_selector" for the top level hierarchy
Warning (10230): Verilog HDL assignment warning at note_selector.sv(124): truncated value with size 32 to match size of target (24)
Info: Elaborating entity "Clk_divider" for hierarchy "Clk_divider:Gen_note"
Warning (10034): Output port "outclk_Not" at Clk_divider.sv(3) has no driver
Info: Elaborating entity "Counter" for hierarchy "Clk_divider:Gen_note|Counter:COUNTER"
Info: Registers with preset signals will power-up high
Info: DEV_CLRn pin will set, and not reset, register with preset signal due to NOT Gate Push-Back
Warning: Output pins are stuck at VCC or GND
    Warning (13410): Pin "sel_note_name[5]" is stuck at VCC
    Warning (13410): Pin "sel_note_name[7]" is stuck at GND
    Warning (13410): Pin "sel_note_name[14]" is stuck at VCC
    Warning (13410): Pin "sel_note_name[15]" is stuck at GND
    Warning (13410): Pin "sel_note_name[19]" is stuck at GND
    Warning (13410): Pin "sel_note_name[21]" is stuck at GND
    Warning (13410): Pin "sel_note_name[23]" is stuck at GND
Info: Generated suppressed messages file D:/Study/UBC study materials/UBC Fourth Year - Summer Term/CPEN 311/Labs/Lab 1/xuan_tung_luu_30236798_Lab_1/sim/tone_organ/note_selector.map.smsg
Warning: Design contains 7 input pin(s) that do not drive logic
    Warning (15610): No output dependent on input pin "SW[0]"
    Warning (15610): No output dependent on input pin "SW[4]"
    Warning (15610): No output dependent on input pin "SW[5]"
    Warning (15610): No output dependent on input pin "SW[6]"
    Warning (15610): No output dependent on input pin "SW[7]"
    Warning (15610): No output dependent on input pin "SW[8]"
    Warning (15610): No output dependent on input pin "SW[9]"
Info: Implemented 142 device resources after synthesis - the final resource count might be different
    Info: Implemented 11 input pins
    Info: Implemented 25 output pins
    Info: Implemented 106 logic cells
Info: Quartus II Analysis & Synthesis was successful. 0 errors, 18 warnings
    Info: Peak virtual memory: 232 megabytes
    Info: Processing ended: Sun May 28 22:15:23 2023
    Info: Elapsed time: 00:00:01
    Info: Total CPU time (on all processors): 00:00:00


+------------------------------------------+
; Analysis & Synthesis Suppressed Messages ;
+------------------------------------------+
The suppressed messages can be found in D:/Study/UBC study materials/UBC Fourth Year - Summer Term/CPEN 311/Labs/Lab 1/xuan_tung_luu_30236798_Lab_1/sim/tone_organ/note_selector.map.smsg.


